type octile
height 35
width 35
map
@@@@....@@@....@@@....@@@....@@@...
@@@@....@@@....@@@....@@@....@@@...
@@@@....@@@....@@@....@@@....@@@...
@@@@...............................
...................................
...................................
@@@................................
@@@................................
@@@.....@@@.@@@.@@@.@@@.@@@.@@@.@@@
........@@@.@@@.@@@.@@@.@@@.@@@.@@@
...................................
........@@@.@@@.@@@.@@@.@@@.@@@.@@@
........@@@.@@@.@@@.@@@.@@@.@@@.@@@
@@@................................
@@@.....@@@.@@@.@@@.@@@.@@@.@@@.@@@
@@@.....@@@.@@@.@@@.@@@.@@@.@@@.@@@
...................................
........@@@.@@@.@@@.@@@.@@@.@@@.@@@
........@@@.@@@.@@@.@@@.@@@.@@@.@@@
...................................
@@@.....@@@.@@@.@@@.@@@.@@@.@@@.@@@
@@@.....@@@.@@@.@@@.@@@.@@@.@@@.@@@
@@@................................
........@@@.@@@.@@@.@@@.@@@.@@@.@@@
........@@@.@@@.@@@.@@@.@@@.@@@.@@@
...................................
........@@@.@@@.@@@.@@@.@@@.@@@.@@@
@@@.....@@@.@@@.@@@.@@@.@@@.@@@.@@@
@@@................................
@@@.....@@@.@@@.@@@.@@@.@@@.@@@.@@@
........@@@.@@@.@@@.@@@.@@@.@@@.@@@
...................................
........@@@.@@@.@@@.@@@.@@@.@@@.@@@
........@@@.@@@.@@@.@@@.@@@.@@@.@@@
@@@................................
